---
source: tests/golden.rs
expression: "orthodag::draw_with(&g, Options::new().crossings(Crossing::Bridge))"
---
       ┌─────────────────────┐
┌────┐ │                     │
│ a0 │─┤              ┌────┐ │   ┌─────┐
└────┘ │   ┌────┐ ┌──▶│ a2 │─┼──▶│ end │
       ├┬─▶│ a1 │╴│┐  └────┘ │   └─────┘
┌────┐ ││  └────┘ ││         │
│ b0 │╴│┘         ││  ┌────┐ │
└────┘ │   ┌────┐ ├┴─▶│ b2 │─┘
       └──▶│ b1 │─┘   └────┘
           └────┘
