---
source: tests/golden.rs
expression: "orthodag::draw_with(&g, Options::new().crossings(Crossing::Bridge))"
---
           ┌────┐     ┌────┐
┌────┐ ┌──▶│ a1 │─┬┬─▶│ a2 │─┐
│ a0 │╴│┐  └────┘ ││  └────┘ │
└────┘ ││         ││         │
       ││  ┌────┐ ││  ┌────┐ │   ┌─────┐
┌────┐ ├│╶▶│ b1 │─┴┴─▶│ b2 │─┼──▶│ end │
│ b0 │─┘│  └────┘     └────┘ │   └─────┘
└────┘  │                    │
        └────────────────────┘
