---
source: tests/golden.rs
expression: "orthodag::draw_with(&g, Options::new().labels(true))"
---
                                      ┌───────┐
                                   ┌─▶│ warn  │
                                   │  └───────┘
             ┌───────┐             │
┌──────┐     │ level │─warn────────┘  ┌───────┐
│ logs │────▶│       │─error─────────▶│ error │
└──────┘     │       │─error, warn─┐  └───────┘
             └───────┘             │
                                   │  ┌───────┐
                                   └─▶│ audit │
                                      └───────┘
