---
source: tests/golden.rs
expression: "orthodag::draw(&g)"
---
               ┌──────┐
            ┌─▶│ even │
            │  └──────┘
            │
┌────────┐  │  ┌──────┐
│ source │──┼─▶│ odd  │
└────────┘  │  └──────┘
            │
            │  ┌──────┐
            └─▶│ late │
               └──────┘
